[18:58:49.910] [INFO] storybook v10.3.5
[18:58:51.765] [PROMPT] Port 6006 is not available. 
Would you like to run Storybook on port 6007 instead? {"choice":true}
[18:58:51.964] [DEBUG] Getting package.json info for /Users/issadrici/Documents/others/Sites/my-app/package.json...
[18:58:51.965] [WARN] You are currently using Storybook [1m10.3.5[22m but you have packages which are incompatible with it:

- @storybook/addon-essentials@8.6.14 which depends on 8.6.14
 Repo: https://github.com/storybookjs/storybook/tree/next/code/addons/essentials
- @storybook/addon-interactions@8.6.14 which depends on 8.6.14
 Repo: https://github.com/storybookjs/storybook/tree/next/code/addons/interactions
- @storybook/test@8.6.15 which depends on 8.6.15
 Repo: https://github.com/storybookjs/storybook/tree/next/code/lib/test

Please consider updating your packages or contacting the maintainers for compatibility details.

For more details on compatibility guidance, see:
https://github.com/storybookjs/storybook/issues/32836
[18:58:52.558] [INFO] Starting...
[18:58:52.694] [ERROR] [38;2;241;97;97mSB_CORE-SERVER_0004 (NoMatchingExportError): There was an exports mismatch error when trying to build Storybook.
Please check whether the versions of your Storybook packages match whenever possible, as this might be the cause.

Problematic example:
{ "@storybook/react": "7.5.3", "@storybook/react-vite": "7.4.5", "storybook": "7.3.0" }

Correct example:
{ "@storybook/react": "7.5.3", "@storybook/react-vite": "7.5.3", "storybook": "7.5.3" }

Please run `npx storybook doctor` for guidance on how to fix this issue.

More info: 
[39m
    at buildOrThrow (file://./node_modules/.pnpm/storybook@10.3.5_@testing-library+dom@10.4.0_react-dom@19.2.4_react@19.2.4__react@19.2.4/node_modules/storybook/dist/core-server/index.js:4513:9)
    at process.processTicksAndRejections (node:internal/process/task_queues:105:5)
    at async buildDevStandalone (file://./node_modules/.pnpm/storybook@10.3.5_@testing-library+dom@10.4.0_react-dom@19.2.4_react@19.2.4__react@19.2.4/node_modules/storybook/dist/core-server/index.js:8033:41)
    at async withTelemetry (file://./node_modules/.pnpm/storybook@10.3.5_@testing-library+dom@10.4.0_react-dom@19.2.4_react@19.2.4__react@19.2.4/node_modules/storybook/dist/_node-chunks/chunk-FIR43JGQ.js:225:12)
    at async dev (file://./node_modules/.pnpm/storybook@10.3.5_@testing-library+dom@10.4.0_react-dom@19.2.4_react@19.2.4__react@19.2.4/node_modules/storybook/dist/bin/core.js:2736:3)
    at async _Command.<anonymous> (file://./node_modules/.pnpm/storybook@10.3.5_@testing-library+dom@10.4.0_react-dom@19.2.4_react@19.2.4__react@19.2.4/node_modules/storybook/dist/bin/core.js:2806:92)
[18:58:52.696] [WARN] Broken build, fix the error above.
You may need to refresh the browser.